// Vitest Snapshot v1, https://vitest.dev/guide/snapshot.html

exports[`corpus — templates com variáveis: tokens sobrevivem à fragmentação do Word > C-Planejamento anual - EMIEP-2026 - com variaveis.docx 1`] = `
{
  "tokens": [
    "area_conhecimento",
    "articulacao_2professor",
    "avaliacao",
    "chnpresencial",
    "chpresencial",
    "competencias_especificas_area",
    "competencias_gerais_bncc",
    "componente_curricular",
    "conceitos_estruturantes_tr1",
    "conceitos_estruturantes_tr2",
    "conceitos_estruturantes_tr3",
    "data_atual",
    "habilidades_tr1",
    "habilidades_tr2",
    "habilidades_tr3",
    "metodologia",
    "nome_curso",
    "nome_prof",
    "objetivo_geral_componente",
    "objeto_conhecimento_tr1",
    "objeto_conhecimento_tr2",
    "objeto_conhecimento_tr3",
    "projeto_integrador",
    "referencias_bibliograficas",
    "tr1",
    "tr2",
    "tr3",
    "turma",
  ],
  "total": 28,
}
`;

exports[`corpus — templates com variáveis: tokens sobrevivem à fragmentação do Word > PLANEJAMENTO EMIEP 2026 CRE - com variaveis.docx 1`] = `
{
  "tokens": [
    "adaptacoes_2professor",
    "area_conhecimento",
    "componente_curricular",
    "criterios_avaliacao",
    "data_atual",
    "data_avaliacao",
    "expectativas_aprendizagem",
    "habilidade_curriculo_digital",
    "habilidades_componente_curricular",
    "mtedologia_ensino",
    "nro_aulas",
    "obj_conhecimento_compoenente_curricular",
    "obj_conhecimento_curriculo_digital",
    "professor",
    "recuperacao_paralela",
    "recursos",
    "referencias",
    "turma",
  ],
  "total": 18,
}
`;

exports[`corpus — templates com variáveis: tokens sobrevivem à fragmentação do Word > Plano de aula - com variaveis.docx 1`] = `
{
  "tokens": [
    "adaptacao_2professor",
    "area_conhecimento",
    "componente_curricular",
    "escola",
    "expectativa_aprendizagem",
    "experiencia_ensino_aprendizagem",
    "habilidades",
    "instrumentos_avaliativos",
    "numero_aulas",
    "objetos_conhecimento",
    "periodo",
    "professor",
    "recuperacao_paralela",
    "recursos",
    "referencias_bibliograficas",
    "turma",
  ],
  "total": 16,
}
`;

exports[`corpus — templates com variáveis: tokens sobrevivem à fragmentação do Word > Plano_30dias_5421_13-07_a_09-08_2026 - com variaveis.docx 1`] = `
{
  "tokens": [
    "area_componente",
    "atividade_protosta_metodologia",
    "avaliacao",
    "ch_prevista",
    "conceitos_esteruturantes_e_objetos_conhecimento",
    "data_fim",
    "data_inicio",
    "habilidades",
    "objetivos_aprendizagem",
    "professor",
    "recuperacao_paralela",
    "tematica_abordada",
    "turma",
  ],
  "total": 13,
}
`;

exports[`corpus — templates em branco: scan estrutural + posição de cada chip > C-Planejamento anual - EMIEP-2026 Em branco .docx 1`] = `
{
  "campos_no_scan": 25,
  "colocados": 22,
  "faltando": [
    "1",
    "2",
    "3",
  ],
  "posicoes": {
    "1_tr1": "T0R10C3",
    "2_tr2": "T0R10C4",
    "3_tr3": "T0R10C5",
    "area_s_do_conhecimento": "T0R1C1",
    "avaliacao": "T0R21C0",
    "carga_horaria_nao_presencial": "T0R2C3",
    "carga_horaria_presencial": "T0R1C3",
    "competencias_especificas_da_area": "T0R7C1",
    "competencias_gerais_bncc": "T0R6C1",
    "componente_curricular": "T0R4C1",
    "conceitos_estruturantes_da_area": "T0R10C0",
    "data_atual": "T0R24C0",
    "habilidades": "T0R10C1",
    "metodologia": "T0R19C0",
    "n_aulas_semanais": "T0R1C2",
    "objetivo_geral_do_componente": "T0R5C1",
    "objeto_de_conhecimento": "T0R10C2",
    "plano_de_articulacao_com_2_professores_a": "T0R15C0",
    "professor_a": "T0R0C1",
    "projetos_integradores": "T0R17C0",
    "referencias_bibliograficas": "T0R23C0",
    "turma_s": "T0R3C1",
  },
  "scan": [
    "inline_colon :: PROFESSOR (A)",
    "inline_colon :: Área(s) do Conhecimento",
    "inline_colon :: Nº aulas semanais",
    "inline_colon :: Carga horária presencial",
    "inline_colon :: Carga horária não presencial",
    "inline_colon :: Turma(s)",
    "adjacent_right :: Componente Curricular",
    "inline_colon :: OBJETIVO GERAL DO COMPONENTE",
    "inline_colon :: COMPETÊNCIAS GERAIS BNCC",
    "inline_colon :: COMPETÊNCIAS ESPECÍFICAS DA ÁREA",
    "adjacent_below :: CONCEITOS ESTRUTURANTES DA ÁREA",
    "adjacent_below :: HABILIDADES",
    "adjacent_below :: OBJETO DE CONHECIMENTO",
    "period_column_tr1 :: 1º",
    "period_column_tr2 :: 2º",
    "period_column_tr3 :: 3º",
    "column_header :: 1º",
    "column_header :: 2º",
    "column_header :: 3º",
    "adjacent_below :: PLANO DE ARTICULAÇÃO COM 2º PROFESSORES, ADAPTAÇÕES/ADEQUAÇÕ",
    "adjacent_below :: PROJETOS INTEGRADORES",
    "adjacent_below :: METODOLOGIA",
    "adjacent_below :: AVALIAÇÃO",
    "adjacent_below :: REFERÊNCIAS BIBLIOGRÁFICAS",
    "inline_colon :: data_atual",
  ],
}
`;

exports[`corpus — templates em branco: scan estrutural + posição de cada chip > PLANEJAMENTO EMIEP 2026 CRE Em branco.docx 1`] = `
{
  "campos_no_scan": 18,
  "colocados": 18,
  "faltando": [],
  "posicoes": {
    "adaptacoes_adequacoes_flexibilizacoes_e_": "T0R15C1",
    "area_s_do_conhecimento": "T0R1C1",
    "componente_curricular": "T0R4C1",
    "criterios_de_avaliacao": "T0R12C1",
    "datas_previstas_de_avaliacoes_e_recupera": "T0R13C2",
    "email": "(sem coord — fora de tabela)",
    "expectativas_de_aprendizagem": "T0R9C1",
    "habilidades": "T0R7C1",
    "habilidades_curriculo_de_educacao_digita": "T0R8C1",
    "metodologia_de_ensino_aprendizagem": "T0R10C1",
    "n_aulas_semanais": "T0R3C1",
    "objeto_de_conhecimento_curriculo_educaca": "T0R6C1",
    "objetos_de_conhecimento_componente_curri": "T0R5C1",
    "professor_a": "T0R0C1",
    "recuperacao_paralela_de_aprendizagem": "T0R14C1",
    "recursos_utilizados": "T0R11C1",
    "referencias_bibliograficas": "T0R16C1",
    "turma_s": "T0R2C1",
  },
  "scan": [
    "inline_colon :: Professor(a)",
    "inline_colon :: Área(s) do Conhecimento",
    "inline_colon :: Turma(s)",
    "inline_colon :: Nº aulas semanais",
    "adjacent_right :: COMPONENTE CURRICULAR",
    "adjacent_right :: OBJETOS DE CONHECIMENTO( COMPONENTE CURRICULAR)",
    "inline_colon :: OBJETO DE CONHECIMENTO (CURRÍCULO EDUCAÇÃO DIGITAL)",
    "adjacent_right :: HABILIDADES",
    "adjacent_right :: HABILIDADES CURRÍCULO DE EDUCAÇÃO DIGITAL",
    "adjacent_right :: EXPECTATIVAS DE APRENDIZAGEM",
    "adjacent_right :: METODOLOGIA DE ENSINO APRENDIZAGEM",
    "adjacent_right :: RECURSOS UTILIZADOS",
    "adjacent_right :: CRITÉRIOS DE AVALIAÇÃO",
    "inline_colon :: DATAS PREVISTAS DE AVALIAÇÕES e RECUPERAÇÕES",
    "adjacent_right :: RECUPERAÇÃO PARALELA DE APRENDIZAGEM",
    "adjacent_right :: ADAPTAÇÕES, ADEQUAÇÕES, FLEXIBILIZAÇÕES E OBSERVAÇÕES DO PRO",
    "adjacent_right :: REFERÊNCIAS BIBLIOGRÁFICAS",
    "inline_colon :: Email",
  ],
}
`;

exports[`corpus — templates em branco: scan estrutural + posição de cada chip > Plano de aula Em branco.docx 1`] = `
{
  "campos_no_scan": 16,
  "colocados": 16,
  "faltando": [],
  "posicoes": {
    "adaptacoes_e_observacoes": "T0R22C0",
    "area_s_do_conhecimento": "T0R3C1",
    "componentes_curriculares": "T0R4C1",
    "escola": "T0R1C1",
    "expectativas_de_aprendizagem_objetivos": "T0R13C0",
    "experiencias_de_ensino_e_aprendizagem": "T0R18C0",
    "habilidade_s_selecionada_s": "T0R11C0",
    "instrumento_s_avaliativos_utilizados": "T0R15C0",
    "n_aulas_semanais": "T0R7C1",
    "objeto_s_de_conhecimento_em_estudo": "T0R9C0",
    "periodo": "T0R6C1",
    "professor_a": "T0R2C1",
    "recuperacao_paralela_da_aprendizagem": "T0R20C0",
    "recursos_necessarios": "T0R18C1",
    "referencias_bibliograficas": "T0R24C0",
    "turma_s": "T0R5C1",
  },
  "scan": [
    "inline_colon :: Escola",
    "inline_colon :: Professor(a)",
    "inline_colon :: Área(s) do Conhecimento",
    "inline_colon :: Componentes Curriculares",
    "inline_colon :: Turma(s)",
    "inline_colon :: Período",
    "inline_colon :: Nº aulas semanais",
    "adjacent_below :: Objeto(s) de conhecimento em estudo",
    "adjacent_below :: Habilidade(s) selecionada(s)",
    "adjacent_below :: Expectativas de aprendizagem (objetivos)",
    "adjacent_below :: Instrumento(s) avaliativos utilizados",
    "column_header :: Experiências de ensino e aprendizagem",
    "column_header :: Recursos necessários",
    "adjacent_below :: Recuperação paralela da aprendizagem",
    "adjacent_below :: Adaptações e observações",
    "adjacent_below :: Referências Bibliográficas",
  ],
}
`;

exports[`corpus — templates em branco: scan estrutural + posição de cada chip > Plano_30dias_5421_13-07_a_09-08_2026 Em branco.docx 1`] = `
{
  "campos_no_scan": 10,
  "colocados": 10,
  "faltando": [],
  "posicoes": {
    "atividade_proposta_metodologia": "T0R6C0",
    "avaliacao": "T0R7C0",
    "avaliacao_recuperacao_paralela": "T0R7C0",
    "cedup_hermann_heringprofessor_a": "T0R0C0",
    "cedup_hermann_heringprofessor_a_area_com": "T0R0C0",
    "conceitos_estruturantes_e_objetos_do_con": "T0R3C0",
    "habilidades": "T0R4C0",
    "objetivos_de_aprendizagem": "T0R5C0",
    "tematica_abordada": "T0R2C0",
    "tematica_abordada_carga_horaria_prevista": "T0R2C0",
  },
  "scan": [
    "inline_colon :: CEDUP HERMANN HERINGProfessor(a)",
    "inline_colon :: CEDUP HERMANN HERINGProfessor(a): Área/Componente: Turma",
    "inline_colon :: TEMÁTICA ABORDADA",
    "inline_colon :: TEMÁTICA ABORDADA:- Carga horária prevista: - Data ou períod",
    "inline_colon :: CONCEITOS ESTRUTURANTES E OBJETOS DO CONHECIMENTO",
    "inline_colon :: HABILIDADES",
    "inline_colon :: OBJETIVOS DE APRENDIZAGEM",
    "inline_colon :: ATIVIDADE PROPOSTA/ METODOLOGIA",
    "inline_colon :: AVALIAÇÃO",
    "inline_colon :: AVALIAÇÃO:Recuperação paralela",
  ],
}
`;
